Mono path[0] = '/Users/mac/Desktop/sugarscape_server/Data/Managed'
Mono config path = '/Users/mac/Desktop/sugarscape_server/MonoBleedingEdge/etc'
Found 2 interfaces on host : 0) 100.82.150.17 1) 192.168.10.90
Player connection [8356830976]  Target information:

Player connection [8356830976]  * "[IP] 100.82.150.17 [Port] 55000 [Flags] 2 [Guid] 1744132496 [EditorId] 4050558867 [Version] 1048832 [Id] OSXServer(45,Mac-mini-cua-Mac.local) [Debug] 0 [PackageName] OSXServer [ProjectName] ABM_DRL" 

Player connection [8356830976]  * "[IP] 192.168.10.90 [Port] 55000 [Flags] 2 [Guid] 1744132496 [EditorId] 4050558867 [Version] 1048832 [Id] OSXServer(45,Mac-mini-cua-Mac.local) [Debug] 0 [PackageName] OSXServer [ProjectName] ABM_DRL" 

Player connection [8356830976] Started UDP target info broadcast (1) on [225.0.0.222:54997].

Input System module state changed to: Initialized.
[Physics::Module] Initialized fallback backend.
[Physics::Module] Id: 0xdecafbad
Loading player data from /Users/mac/Desktop/sugarscape_server/Data/data.unity3d
Initialize engine version: 6000.3.11f1 (3000ef702840)
[Subsystems] Discovering subsystems at path /Users/mac/Desktop/sugarscape_server/Data/UnitySubsystems
Forcing GfxDevice: Null
GfxDevice: creating device client; kGfxThreadingModeNonThreaded
NullGfxDevice:
    Version:  NULL 1.0 [1.0]
    Renderer: Null Device
    Vendor:   Unity Technologies
Begin MonoManager ReloadAssembly
Symbol file LoadedFromMemory is not a mono symbol file
Symbol file LoadedFromMemory is not a mono symbol file
- Loaded All Assemblies, in  0.099 seconds
- Finished resetting the current domain, in  0.001 seconds
[Physics::Module] Selected backend.
[Physics::Module] Name: PhysX
[Physics::Module] Id: 0xf2b8ea05
[Physics::Module] SDK Version: 4.1.2
[Physics::Module] Integration Version: 1.0.0
[Physics::Module] Threading Mode: Multi-Threaded
<b>[App UI]</b> Unable to find an AppUISettings instance, creating a default one...
UnityEngine.Debug:ExtractStackTraceNoAlloc (byte*,int,string)
UnityEngine.StackTraceUtility:ExtractStackTrace () (at /Users/bokken/build/output/unity/unity/Runtime/Export/Scripting/StackTrace.cs:35)
UnityEngine.DebugLogHandler:Internal_Log (UnityEngine.LogType,UnityEngine.LogOption,string,UnityEngine.Object)
UnityEngine.DebugLogHandler:LogFormat (UnityEngine.LogType,UnityEngine.Object,string,object[]) (at /Users/bokken/build/output/unity/unity/Runtime/Export/Logging/DebugLogHandler.cs:9)
UnityEngine.Logger:Log (UnityEngine.LogType,object) (at /Users/bokken/build/output/unity/unity/Runtime/Export/Logging/Logger.cs:60)
UnityEngine.Debug:LogWarning (object) (at /Users/bokken/build/output/unity/unity/Runtime/Export/Debug/Debug.bindings.cs:213)
Unity.AppUI.Core.AppUI:InitializeInPlayer () (at ./Library/PackageCache/com.unity.dt.app-ui@8ac7e730dd5d/Runtime/Core/AppUI.cs:286)
Unity.AppUI.Core.AppUI:.cctor () (at ./Library/PackageCache/com.unity.dt.app-ui@8ac7e730dd5d/Runtime/Core/AppUI.cs:67)

(Filename: /Users/bokken/build/output/unity/unity/Runtime/Export/Debug/Debug.bindings.cs Line: 213)

UnloadTime: 0.261625 ms
Trying to access a shader but no shaders were included in the build because Dedicated Server Optimizations is enabled.
UnityEngine.Debug:ExtractStackTraceNoAlloc (byte*,int,string)
UnityEngine.StackTraceUtility:ExtractStackTrace () (at /Users/bokken/build/output/unity/unity/Runtime/Export/Scripting/StackTrace.cs:35)
UnityEngine.ResourcesAPIInternal:FindShaderByName (string)
UnityEngine.ResourcesAPI:FindShaderByName (string) (at /Users/bokken/build/output/unity/unity/Runtime/Export/Resources/Resources.bindings.cs:112)
UnityEngine.Shader:Find (string) (at /Users/bokken/build/output/unity/unity/Runtime/Export/Shaders/Shader.bindings.cs:30)
TMPro.ShaderUtilities:GetShaderPropertyIDs () (at ./Library/PackageCache/com.unity.ugui@f17df9b1ab21/Runtime/TMP/TMP_ShaderUtilities.cs:267)
TMPro.ShaderUtilities:.cctor () (at ./Library/PackageCache/com.unity.ugui@f17df9b1ab21/Runtime/TMP/TMP_ShaderUtilities.cs:172)
TMPro.TextMeshProUGUI:LoadFontAsset () (at ./Library/PackageCache/com.unity.ugui@f17df9b1ab21/Runtime/TMP/TextMeshProUGUI.cs:1223)
TMPro.TextMeshProUGUI:Awake () (at ./Library/PackageCache/com.unity.ugui@f17df9b1ab21/Runtime/TMP/TextMeshProUGUI.cs:833)

[./Library/PackageCache/com.unity.ugui@f17df9b1ab21/Runtime/TMP/TMP_ShaderUtilities.cs line 267]

Trying to access a shader but no shaders were included in the build because Dedicated Server Optimizations is enabled.
UnityEngine.Debug:ExtractStackTraceNoAlloc (byte*,int,string)
UnityEngine.StackTraceUtility:ExtractStackTrace () (at /Users/bokken/build/output/unity/unity/Runtime/Export/Scripting/StackTrace.cs:35)
UnityEngine.ResourcesAPIInternal:FindShaderByName (string)
UnityEngine.ResourcesAPI:FindShaderByName (string) (at /Users/bokken/build/output/unity/unity/Runtime/Export/Resources/Resources.bindings.cs:112)
UnityEngine.Shader:Find (string) (at /Users/bokken/build/output/unity/unity/Runtime/Export/Shaders/Shader.bindings.cs:30)
TMPro.ShaderUtilities:GetShaderPropertyIDs () (at ./Library/PackageCache/com.unity.ugui@f17df9b1ab21/Runtime/TMP/TMP_ShaderUtilities.cs:270)
TMPro.ShaderUtilities:.cctor () (at ./Library/PackageCache/com.unity.ugui@f17df9b1ab21/Runtime/TMP/TMP_ShaderUtilities.cs:172)
TMPro.TextMeshProUGUI:LoadFontAsset () (at ./Library/PackageCache/com.unity.ugui@f17df9b1ab21/Runtime/TMP/TextMeshProUGUI.cs:1223)
TMPro.TextMeshProUGUI:Awake () (at ./Library/PackageCache/com.unity.ugui@f17df9b1ab21/Runtime/TMP/TextMeshProUGUI.cs:833)

[./Library/PackageCache/com.unity.ugui@f17df9b1ab21/Runtime/TMP/TMP_ShaderUtilities.cs line 270]

Registered Communicator in Academy.
UnityEngine.Debug:ExtractStackTraceNoAlloc (byte*,int,string)
UnityEngine.StackTraceUtility:ExtractStackTrace () (at /Users/bokken/build/output/unity/unity/Runtime/Export/Scripting/StackTrace.cs:35)
UnityEngine.DebugLogHandler:Internal_Log (UnityEngine.LogType,UnityEngine.LogOption,string,UnityEngine.Object)
UnityEngine.DebugLogHandler:LogFormat (UnityEngine.LogType,UnityEngine.Object,string,object[]) (at /Users/bokken/build/output/unity/unity/Runtime/Export/Logging/DebugLogHandler.cs:9)
UnityEngine.Logger:Log (UnityEngine.LogType,object) (at /Users/bokken/build/output/unity/unity/Runtime/Export/Logging/Logger.cs:60)
UnityEngine.Debug:Log (object) (at /Users/bokken/build/output/unity/unity/Runtime/Export/Debug/Debug.bindings.cs:123)
Unity.MLAgents.Academy:.ctor () (at ./Library/PackageCache/com.unity.ml-agents@2b4ded88494d/Runtime/Academy.cs:257)
Unity.MLAgents.Academy/<>c:<.cctor>b__85_0 () (at ./Library/PackageCache/com.unity.ml-agents@2b4ded88494d/Runtime/Academy.cs:117)
System.Lazy`1<Unity.MLAgents.Academy>:ViaFactory (System.Threading.LazyThreadSafetyMode)
System.Lazy`1<Unity.MLAgents.Academy>:ExecutionAndPublication (System.LazyHelper,bool)
System.Lazy`1<Unity.MLAgents.Academy>:CreateValue ()
System.Lazy`1<Unity.MLAgents.Academy>:get_Value ()
Unity.MLAgents.Academy:get_Instance () (at ./Library/PackageCache/com.unity.ml-agents@2b4ded88494d/Runtime/Academy.cs:132)
Sugarscape.GameInitiate:Start () (at /Users/mac/Desktop/Projects/ABM_DRL/Assets/MainProjects/Scripts/Core/GameInitiate.cs:31)

(Filename: /Users/bokken/build/output/unity/unity/Runtime/Export/Debug/Debug.bindings.cs Line: 123)

Socket error: Connection refused
UnityEngine.Debug:ExtractStackTraceNoAlloc (byte*,int,string)
UnityEngine.StackTraceUtility:ExtractStackTrace () (at /Users/bokken/build/output/unity/unity/Runtime/Export/Scripting/StackTrace.cs:35)
UnityEngine.DebugLogHandler:Internal_Log (UnityEngine.LogType,UnityEngine.LogOption,string,UnityEngine.Object)
UnityEngine.DebugLogHandler:LogFormat (UnityEngine.LogType,UnityEngine.Object,string,object[]) (at /Users/bokken/build/output/unity/unity/Runtime/Export/Logging/DebugLogHandler.cs:9)
UnityEngine.Logger:Log (UnityEngine.LogType,object) (at /Users/bokken/build/output/unity/unity/Runtime/Export/Logging/Logger.cs:60)
UnityEngine.Debug:Log (object) (at /Users/bokken/build/output/unity/unity/Runtime/Export/Debug/Debug.bindings.cs:123)
Sugarscape.EconomicStatistic:ConnectToPython () (at /Users/mac/Desktop/Projects/ABM_DRL/Assets/MainProjects/Scripts/UI/EconomicStatistic.cs:128)
System.Threading.ThreadHelper:ThreadStart_Context (object)
System.Threading.ExecutionContext:RunInternal (System.Threading.ExecutionContext,System.Threading.ContextCallback,object,bool)
System.Threading.ExecutionContext:Run (System.Threading.ExecutionContext,System.Threading.ContextCallback,object,bool)
System.Threading.ExecutionContext:Run (System.Threading.ExecutionContext,System.Threading.ContextCallback,object)
System.Threading.ThreadHelper:ThreadStart ()

(Filename: /Users/bokken/build/output/unity/unity/Runtime/Export/Debug/Debug.bindings.cs Line: 123)

Thread 0x171093000 may have been prematurely finalized
[Physics::Module] Cleanup current backend.
[Physics::Module] Id: 0xf2b8ea05
Input System module state changed to: ShutdownInProgress.
Input System polling thread exited.
Input System module state changed to: Shutdown.
Thread 0x1700b7000 may have been prematurely finalized
Thread 0x170143000 may have been prematurely finalized
Thread 0x17025b000 may have been prematurely finalized
Thread 0x1701cf000 may have been prematurely finalized
Thread 0x1702e7000 may have been prematurely finalized
PlayerConnection::Cleanup##utp:{"type":"MemoryLeaks","version":2,"phase":"Immediate","time":1786115445882,"processId":98758,"allocatedMemory":2386675,"memoryLabels":[{"Default":14113},{"Permanent":1520},{"Thread":38456},{"Manager":19007},{"VertexData":8},{"Geometry":408},{"Texture":16},{"Shader":78377},{"Material":24},{"GfxDevice":37952},{"Animation":328},{"Audio":2664},{"FreeType":8},{"FontEngine":736},{"Physics":2120},{"Physics2D":16},{"Serialization":248},{"Input":10056},{"JobScheduler":33216},{"TextLib":216},{"Mono":32},{"ScriptingNativeRuntime":128},{"BaseObject":1609216},{"Resource":496},{"Renderer":3528},{"Transform":6485},{"File":1160},{"WebCam":32},{"Culling":32},{"Terrain":11250},{"Wind":24},{"String":3003},{"DynamicArray":32036},{"HashMap":9216},{"Utility":300096},{"PoolAlloc":2136},{"AI":40},{"TypeTree":5064},{"ScriptManager":64},{"RuntimeInitializeOnLoadManager":64},{"SpriteAtlas":112},{"GI":7176},{"Director":8152},{"CloudService":144},{"WebRequest":776},{"VR":47442},{"SceneManager":360},{"Video":2080},{"LazyScriptCache":32},{"Camera":9},{"Secure":1},{"SerializationCache":1576},{"APIUpdating":10320},{"Subsystems":336},{"VirtualTexturing":57496},{"Hierarchy":992},{"CoreStats":13032},{"Identifiers":12960},{"Gui":40},{"CoreBusinessMetrics":120},{"AssetReference":32}]}
