Mono path[0] = '/Users/mac/Desktop/Sugarscrape_v3.app/Contents/Resources/Data/Managed'
Mono config path = '/Users/mac/Desktop/Sugarscrape_v3.app/Contents/MonoBleedingEdge/etc'
Found 1 interfaces on host : 0) 192.168.1.25
Player connection [8683577088]  Target information:

Player connection [8683577088]  * "[IP] 192.168.1.25 [Port] 55000 [Flags] 2 [Guid] 1382722455 [EditorId] 791780755 [Version] 1048832 [Id] OSXPlayer(1,Mac-mini-cua-Mac.local) [Debug] 0 [PackageName] OSXPlayer [ProjectName] ABM_DRL" 

Player connection [8683577088] Started UDP target info broadcast (1) on [225.0.0.222:54997].

Input System module state changed to: Initialized.
[Physics::Module] Initialized fallback backend.
[Physics::Module] Id: 0xdecafbad
Initialize engine version: 6000.1.0f1 (9ea152932a88)
[Subsystems] Discovering subsystems at path /Users/mac/Desktop/Sugarscrape_v3.app/Contents/Resources/Data/UnitySubsystems
Forcing GfxDevice: Null
GfxDevice: creating device client; kGfxThreadingModeNonThreaded
NullGfxDevice:
    Version:  NULL 1.0 [1.0]
    Renderer: Null Device
    Vendor:   Unity Technologies
Begin MonoManager ReloadAssembly
Symbol file LoadedFromMemory is not a mono symbol file
Symbol file LoadedFromMemory is not a mono symbol file
- Loaded All Assemblies, in  0.139 seconds
- Finished resetting the current domain, in  0.002 seconds
[Physics::Module] Selected backend.
[Physics::Module] Name: PhysX
[Physics::Module] Id: 0xf2b8ea05
[Physics::Module] SDK Version: 4.1.2
[Physics::Module] Integration Version: 1.0.0
[Physics::Module] Threading Mode: Multi-Threaded
ERROR: Shader Hidden/Universal Render Pipeline/LutBuilderLdr shader is not supported on this GPU (none of subshaders/fallbacks are suitable)
ERROR: Shader Hidden/Universal Render Pipeline/CameraMotionBlur shader is not supported on this GPU (none of subshaders/fallbacks are suitable)
WARNING: Shader Unsupported: 'Hidden/Universal Render Pipeline/FallbackError' - All subshaders removed
WARNING: Shader Did you use #pragma only_renderers and omit this platform?
WARNING: Shader If subshaders removal was intentional, you may have forgotten turning Fallback off?
ERROR: Shader Hidden/Universal Render Pipeline/FallbackError shader is not supported on this GPU (none of subshaders/fallbacks are suitable)
WARNING: Shader Unsupported: 'Hidden/Universal Render Pipeline/FallbackError' - All subshaders removed
WARNING: Shader Did you use #pragma only_renderers and omit this platform?
WARNING: Shader If subshaders removal was intentional, you may have forgotten turning Fallback off?
WARNING: Shader Unsupported: 'Hidden/Universal Render Pipeline/ClusterDeferred' - All subshaders removed
WARNING: Shader Did you use #pragma only_renderers and omit this platform?
WARNING: Shader If subshaders removal was intentional, you may have forgotten turning Fallback off?
WARNING: Shader Unsupported: 'Hidden/Universal Render Pipeline/ClusterDeferred' - All subshaders removed
WARNING: Shader Did you use #pragma only_renderers and omit this platform?
WARNING: Shader If subshaders removal was intentional, you may have forgotten turning Fallback off?
ERROR: Shader Hidden/TerrainEngine/Details/UniversalPipeline/BillboardWavingDoublePass shader is not supported on this GPU (none of subshaders/fallbacks are suitable)
ERROR: Shader Hidden/Universal Render Pipeline/TemporalAA shader is not supported on this GPU (none of subshaders/fallbacks are suitable)
ERROR: Shader Hidden/Universal Render Pipeline/Scaling Setup shader is not supported on this GPU (none of subshaders/fallbacks are suitable)
ERROR: Shader Hidden/CoreSRP/CoreCopy shader is not supported on this GPU (none of subshaders/fallbacks are suitable)
WARNING: Shader Unsupported: 'Hidden/Universal Render Pipeline/StencilDeferred' - All subshaders removed
WARNING: Shader Did you use #pragma only_renderers and omit this platform?
WARNING: Shader If subshaders removal was intentional, you may have forgotten turning Fallback off?
WARNING: Shader Unsupported: 'Hidden/Universal Render Pipeline/StencilDeferred' - All subshaders removed
WARNING: Shader Did you use #pragma only_renderers and omit this platform?
WARNING: Shader If subshaders removal was intentional, you may have forgotten turning Fallback off?
ERROR: Shader Hidden/TerrainEngine/Details/UniversalPipeline/Vertexlit shader is not supported on this GPU (none of subshaders/fallbacks are suitable)
ERROR: Shader Hidden/Universal Render Pipeline/GaussianDepthOfField shader is not supported on this GPU (none of subshaders/fallbacks are suitable)
ERROR: Shader Hidden/Universal Render Pipeline/Debug/DebugReplacement shader is not supported on this GPU (none of subshaders/fallbacks are suitable)
ERROR: Shader Hidden/Universal Render Pipeline/StencilDitherMaskSeed shader is not supported on this GPU (none of subshaders/fallbacks are suitable)
ERROR: Shader Hidden/Universal Render Pipeline/LutBuilderHdr shader is not supported on this GPU (none of subshaders/fallbacks are suitable)
ERROR: Shader Hidden/Universal Render Pipeline/Sampling shader is not supported on this GPU (none of subshaders/fallbacks are suitable)
ERROR: Shader Hidden/Universal Render Pipeline/LensFlareDataDriven shader is not supported on this GPU (none of subshaders/fallbacks are suitable)
ERROR: Shader Hidden/Universal Render Pipeline/CameraMotionVectors shader is not supported on this GPU (none of subshaders/fallbacks are suitable)
ERROR: Shader Hidden/Universal Render Pipeline/UberPost shader is not supported on this GPU (none of subshaders/fallbacks are suitable)
ERROR: Shader Hidden/Universal Render Pipeline/Bloom shader is not supported on this GPU (none of subshaders/fallbacks are suitable)
ERROR: Shader Hidden/Universal Render Pipeline/BokehDepthOfField shader is not supported on this GPU (none of subshaders/fallbacks are suitable)
ERROR: Shader Hidden/Universal Render Pipeline/FinalPost shader is not supported on this GPU (none of subshaders/fallbacks are suitable)
ERROR: Shader Hidden/Universal Render Pipeline/CopyDepth shader is not supported on this GPU (none of subshaders/fallbacks are suitable)
ERROR: Shader Hidden/Universal Render Pipeline/SubpixelMorphologicalAntialiasing shader is not supported on this GPU (none of subshaders/fallbacks are suitable)
ERROR: Shader Hidden/Universal Render Pipeline/Stop NaN shader is not supported on this GPU (none of subshaders/fallbacks are suitable)
ERROR: Shader Hidden/Universal/HDRDebugView shader is not supported on this GPU (none of subshaders/fallbacks are suitable)
ERROR: Shader Hidden/Universal Render Pipeline/LensFlareScreenSpace shader is not supported on this GPU (none of subshaders/fallbacks are suitable)
ERROR: Shader Hidden/TerrainEngine/Details/UniversalPipeline/WavingDoublePass shader is not supported on this GPU (none of subshaders/fallbacks are suitable)
ERROR: Shader Hidden/Universal Render Pipeline/PaniniProjection shader is not supported on this GPU (none of subshaders/fallbacks are suitable)
ERROR: Shader Sprites/Default shader is not supported on this GPU (none of subshaders/fallbacks are suitable)
ERROR: Shader Sprites/Mask shader is not supported on this GPU (none of subshaders/fallbacks are suitable)
WARNING: Shader Unsupported: 'Universal Render Pipeline/Lit' - All subshaders removed
WARNING: Shader Did you use #pragma only_renderers and omit this platform?
WARNING: Shader If subshaders removal was intentional, you may have forgotten turning Fallback off?
ERROR: Shader Universal Render Pipeline/Lit shader is not supported on this GPU (none of subshaders/fallbacks are suitable)
WARNING: Shader Unsupported: 'Universal Render Pipeline/Lit' - All subshaders removed
WARNING: Shader Did you use #pragma only_renderers and omit this platform?
WARNING: Shader If subshaders removal was intentional, you may have forgotten turning Fallback off?
ERROR: Shader GUI/Text Shader shader is not supported on this GPU (none of subshaders/fallbacks are suitable)
ERROR: Shader TextMeshPro/Mobile/Distance Field shader is not supported on this GPU (none of subshaders/fallbacks are suitable)
UnloadTime: 0.223000 ms
Registered Communicator in Agent.
UnityEngine.Debug:ExtractStackTraceNoAlloc (byte*,int,string)
UnityEngine.StackTraceUtility:ExtractStackTrace () (at /Users/bokken/build/output/unity/unity/Runtime/Export/Scripting/StackTrace.cs:37)
UnityEngine.DebugLogHandler:Internal_Log (UnityEngine.LogType,UnityEngine.LogOption,string,UnityEngine.Object)
UnityEngine.DebugLogHandler:LogFormat (UnityEngine.LogType,UnityEngine.Object,string,object[])
UnityEngine.Logger:Log (UnityEngine.LogType,object)
UnityEngine.Debug:Log (object)
Unity.MLAgents.Agent:Awake () (at ./Library/PackageCache/com.unity.ml-agents@2b4ded88494d/Runtime/Agent.cs:383)
UnityEngine.Object:Internal_InstantiateSingleWithParent (UnityEngine.Object,UnityEngine.Transform,UnityEngine.Vector3,UnityEngine.Quaternion)
UnityEngine.Object:Instantiate (UnityEngine.Object,UnityEngine.Vector3,UnityEngine.Quaternion,UnityEngine.Transform) (at /Users/bokken/build/output/unity/unity/Runtime/Export/Scripting/UnityEngineObject.bindings.cs:367)
UnityEngine.Object:Instantiate<UnityEngine.GameObject> (UnityEngine.GameObject,UnityEngine.Vector3,UnityEngine.Quaternion,UnityEngine.Transform) (at /Users/bokken/build/output/unity/unity/Runtime/Export/Scripting/UnityEngineObject.bindings.cs:464)
Sugarscape.AgentsManager:SpawnAgents () (at /Users/mac/Desktop/Projects/ABM_DRL/Assets/MainProjects/Scripts/Core/AgentsManager.cs:48)
UnityEngine.Events.InvokableCall:Invoke () (at /Users/bokken/build/output/unity/unity/Runtime/Export/UnityEvent/UnityEvent.cs:178)
UnityEngine.Events.UnityEvent:Invoke () (at /Users/bokken/build/output/unity/unity/artifacts/generated/UnityEvent/UnityEvent_0.cs:57)
Sugarscape.VoidChannel:ExecuteChannel () (at /Users/mac/Desktop/Projects/ABM_DRL/Assets/MainProjects/Scripts/ChannelSO/VoidChannel.cs:25)
Sugarscape.TerrainGenerator:SetupTerrain () (at /Users/mac/Desktop/Projects/ABM_DRL/Assets/MainProjects/Scripts/Environment/TerrainGenerator.cs:56)
UnityEngine.Events.InvokableCall:Invoke () (at /Users/bokken/build/output/unity/unity/Runtime/Export/UnityEvent/UnityEvent.cs:178)
UnityEngine.Events.UnityEvent:Invoke () (at /Users/bokken/build/output/unity/unity/artifacts/generated/UnityEvent/UnityEvent_0.cs:57)
Sugarscape.VoidChannel:ExecuteChannel () (at /Users/mac/Desktop/Projects/ABM_DRL/Assets/MainProjects/Scripts/ChannelSO/VoidChannel.cs:25)
Sugarscape.GameInitiate:ConfigurateGame () (at /Users/mac/Desktop/Projects/ABM_DRL/Assets/MainProjects/Scripts/Core/GameInitiate.cs:22)
Sugarscape.GameInitiate:Start () (at /Users/mac/Desktop/Projects/ABM_DRL/Assets/MainProjects/Scripts/Core/GameInitiate.cs:15)

(Filename: ./Library/PackageCache/com.unity.ml-agents@2b4ded88494d/Runtime/Agent.cs Line: 383)

ERROR: Shader TextMeshPro/Sprite shader is not supported on this GPU (none of subshaders/fallbacks are suitable)
Default audio device was changed, but the audio system failed to initialize it. Attempting to reset sound system.
Thread 0x170f3b000 may have been prematurely finalized
[Physics::Module] Cleanup current backned.
[Physics::Module] Id: 0xf2b8ea05
Input System module state changed to: ShutdownInProgress.
Input System polling thread exited.
Input System module state changed to: Shutdown.
Thread 0x16fb3f000 may have been prematurely finalized
Thread 0x16fbcb000 may have been prematurely finalized
Thread 0x16fce3000 may have been prematurely finalized
Thread 0x16fc57000 may have been prematurely finalized
PlayerConnection::Cleanup##utp:{"type":"MemoryLeaks","version":2,"phase":"Immediate","time":1749616471479,"processId":1352,"allocatedMemory":2719494,"memoryLabels":[{"Default":13929},{"Permanent":1408},{"NewDelete":361320},{"Thread":38456},{"Manager":18167},{"VertexData":8},{"Geometry":408},{"VFX":-104},{"Texture":16},{"Shader":79216},{"Material":24},{"GfxDevice":37920},{"Animation":328},{"Audio":4600},{"FontEngine":272},{"Physics":1240},{"Serialization":248},{"Input":9488},{"JobScheduler":36800},{"TextLib":160},{"Mono":32},{"ScriptingNativeRuntime":128},{"BaseObject":1609216},{"Resource":464},{"Renderer":3456},{"Transform":4654},{"File":816},{"WebCam":32},{"Culling":32},{"Terrain":11250},{"Wind":24},{"String":2834},{"DynamicArray":31464},{"HashMap":9216},{"Utility":300096},{"PoolAlloc":1872},{"TypeTree":4688},{"ScriptManager":64},{"RuntimeInitializeOnLoadManager":64},{"SpriteAtlas":112},{"GI":7208},{"Director":8152},{"WebRequest":776},{"VR":45506},{"SceneManager":360},{"Video":2080},{"LazyScriptCache":32},{"NativeArray":656},{"Camera":9},{"Secure":1},{"SerializationCache":1576},{"APIUpdating":10320},{"Subsystems":336},{"VirtualTexturing":57496},{"Hierarchy":384},{"Gui":32},{"CoreBusinessMetrics":120},{"AssetReference":32}]}
